// Jest Snapshot v1, https://goo.gl/fbAQLP

exports[`<Search /> matches the snapshot 1`] = `
<div>
  <form
    onSubmit={[Function]}
  >
    <label
      htmlFor="search-term"
    >
      Search 
      <input
        id="username"
        onChange={[Function]}
      />
    </label>
    <button
      type="submit"
    >
      Search
    </button>
  </form>
</div>
`;
